{
  "schema": "urn:fbrcm:schema:cli:1.0.0:command:project.export:response",
  "contract_version": "1.0.0",
  "command": "project.export",
  "requested_command": "project.export",
  "outcome": "failure",
  "exit_code": 4,
  "producer": {
    "name": "fbrcm",
    "version": "dev"
  },
  "context": {
    "profile": null,
    "offline": false,
    "dry_run": false,
    "draft": false
  },
  "data": null,
  "errors": [
    {
      "code": "auth.configuration_invalid",
      "category": "auth",
      "message": "FBRCM_GOOGLE_ACCESS_TOKEN is required with --stateless",
      "retryable": false,
      "target": null,
      "stage": null,
      "details": {
        "kind": "auth"
      },
      "remediation": []
    }
  ],
  "warnings": []
}
