{
  "schema": "urn:fbrcm:schema:cli:1.0.0:command:theme.import:response",
  "contract_version": "1.0.0",
  "command": "theme.import",
  "requested_command": "theme.import",
  "outcome": "success",
  "exit_code": 0,
  "producer": {
    "name": "fbrcm",
    "version": "dev"
  },
  "context": {
    "profile": "default",
    "offline": true,
    "dry_run": false,
    "draft": false
  },
  "data": {
    "theme": "firebase-e2e",
    "status": "imported",
    "path": "<E2E_RUN_ROOT>/environment/config/themes/firebase-e2e.toml",
    "source": "firebase.toml"
  },
  "errors": [],
  "warnings": []
}
