{
  "schema": "urn:fbrcm:schema:cli:1.0.0:command:conditions.validate:response",
  "contract_version": "1.0.0",
  "command": "conditions.validate",
  "requested_command": "conditions.validate",
  "outcome": "success",
  "exit_code": 0,
  "producer": {
    "name": "fbrcm",
    "version": "dev"
  },
  "context": {
    "profile": "default",
    "offline": false,
    "dry_run": false,
    "draft": false
  },
  "data": {
    "project": {
      "name": "Northstar Wallet",
      "project_id": "northstar-wallet",
      "synced_at": "2024-01-01T00:00:00Z",
      "auth_id": "e2e",
      "templates": [
        "client"
      ],
      "primary_template": "client"
    },
    "source": "firebase",
    "valid": true
  },
  "errors": [],
  "warnings": []
}
