<?xml version="1.0" encoding="UTF-8"?><defaults>
  <entry>
    <key>document_upload_max_mb</key>
    <value>12</value>
  </entry>
  <entry>
    <key>incident_status_url</key>
    <value>https://status.example.invalid/finance</value>
  </entry>
  <entry>
    <key>maintenance_banner</key>
    <value>{"enabled":false,"title":"Scheduled maintenance","startsAt":"2026-06-02T01:00:00Z"}</value>
  </entry>
  <entry>
    <key>show_tax_center</key>
    <value>true</value>
  </entry>
  <entry>
    <key>statement_months_available</key>
    <value>24</value>
  </entry>
  <entry>
    <key>support_chat_enabled</key>
    <value>true</value>
  </entry>
  <entry>
    <key>support_queue_copy</key>
    <value>A specialist will join shortly</value>
  </entry>
  <entry>
    <key>account_nickname_max_length</key>
    <value>32</value>
  </entry>
  <entry>
    <key>ach_transfer_limit_daily</key>
    <value>3000</value>
  </entry>
  <entry>
    <key>card_freeze_enabled</key>
    <value>true</value>
  </entry>
  <entry>
    <key>instant_cashout_fee_bps</key>
    <value>85</value>
  </entry>
  <entry>
    <key>open_banking_enabled</key>
    <value>false</value>
  </entry>
  <entry>
    <key>pending_transaction_days</key>
    <value>5</value>
  </entry>
  <entry>
    <key>plaid_products</key>
    <value>["auth","transactions","identity"]</value>
  </entry>
  <entry>
    <key>block_crypto_card_loads</key>
    <value>true</value>
  </entry>
  <entry>
    <key>device_binding_grace_hours</key>
    <value>24</value>
  </entry>
  <entry>
    <key>high_risk_transfer_limit</key>
    <value>200</value>
  </entry>
  <entry>
    <key>require_step_up_for_new_device</key>
    <value>true</value>
  </entry>
  <entry>
    <key>risk_banner_copy</key>
    <value>We need a quick security check</value>
  </entry>
  <entry>
    <key>step_up_methods</key>
    <value>["sms_otp","email_otp"]</value>
  </entry>
  <entry>
    <key>velocity_window_minutes</key>
    <value>15</value>
  </entry>
  <entry>
    <key>cashflow_forecast_days</key>
    <value>30</value>
  </entry>
  <entry>
    <key>enable_subscription_detection</key>
    <value>true</value>
  </entry>
  <entry>
    <key>insight_min_transaction_count</key>
    <value>8</value>
  </entry>
  <entry>
    <key>merchant_logo_cdn</key>
    <value>https://assets.example.invalid/merchants</value>
  </entry>
  <entry>
    <key>monthly_budget_enabled</key>
    <value>true</value>
  </entry>
  <entry>
    <key>savings_nudge_threshold</key>
    <value>125</value>
  </entry>
  <entry>
    <key>spending_categories</key>
    <value>["groceries","restaurants","transport","subscriptions","utilities"]</value>
  </entry>
  <entry>
    <key>enable_passkey_signup</key>
    <value>false</value>
  </entry>
  <entry>
    <key>funding_minimum_amount</key>
    <value>10</value>
  </entry>
  <entry>
    <key>kyc_provider</key>
    <value>veriff</value>
  </entry>
  <entry>
    <key>kyc_retry_limit</key>
    <value>2</value>
  </entry>
  <entry>
    <key>onboarding_steps</key>
    <value>["email","phone","identity","funding","card"]</value>
  </entry>
  <entry>
    <key>show_income_question</key>
    <value>true</value>
  </entry>
  <entry>
    <key>welcome_bonus_copy</key>
    <value>Get started with no monthly fees</value>
  </entry>
</defaults>