{
  "schema": "urn:fbrcm:schema:cli:1.0.0:command:project.templates.show:response",
  "contract_version": "1.0.0",
  "command": "project.templates.show",
  "requested_command": "project.templates.show",
  "outcome": "success",
  "exit_code": 0,
  "producer": {
    "name": "fbrcm",
    "version": "dev"
  },
  "context": {
    "profile": "default",
    "offline": false,
    "dry_run": false,
    "draft": false
  },
  "data": {
    "project": "Northstar Wallet",
    "project_id": "northstar-wallet",
    "templates": [
      "client"
    ],
    "primary_template": "client"
  },
  "errors": [],
  "warnings": []
}
