┌─────────────────────────┬──────────────────┬─────────┬────────┬─────────────────────┐
│ Project ID              │ Project          │ Version │   Size │ Cached At           │
├─────────────────────────┼──────────────────┼─────────┼────────┼─────────────────────┤
│ northstar-wallet        │ Northstar Wallet │      12 │  12 KB │ 2024-01-02 03:04:05 │
│ server@northstar-wallet │ Northstar Wallet │       3 │ 493 B  │ 2024-01-01 02:03:04 │
└─────────────────────────┴──────────────────┴─────────┴────────┴─────────────────────┘
