┌────────────┬─────────┬──────┬──────────────────┬──────────────┬────────┬─────────────┐
│ Project ID │ Project │ Base │ Updated          │ Changes      │ Status │ Change Note │
├────────────┼─────────┼──────┼──────────────────┼──────────────┼────────┼─────────────┤
│ northstar… │ Norths… │   12 │ 2024-01-04 11:30 │ 2 params, 0… │ ready  │ Enable the… │
└────────────┴─────────┴──────┴──────────────────┴──────────────┴────────┴─────────────┘
