{
  "version": 1,
  "default_auth_id": "e2e",
  "auth": [
    {
      "id": "e2e",
      "type": "oauth",
      "label": "E2E fixture",
      "client_secret_path": "auth/e2e/client-secret.json",
      "token_path": "auth/e2e/token.json"
    },
    {
      "id": "oauth-secondary",
      "type": "oauth",
      "label": "Synthetic OAuth identity",
      "client_secret_path": "auth/oauth-secondary/client-secret.json",
      "token_path": "auth/oauth-secondary/token.json"
    }
  ]
}
