{
  "schema": "urn:fbrcm:schema:cli:1.0.0:command:draft.show:response",
  "contract_version": "1.0.0",
  "command": "draft.show",
  "requested_command": "draft.show",
  "outcome": "success",
  "exit_code": 0,
  "producer": {
    "name": "fbrcm",
    "version": "dev"
  },
  "context": {
    "profile": "default",
    "offline": false,
    "dry_run": false,
    "draft": false
  },
  "data": {
    "target": "northstar-wallet",
    "media_type": "application/json",
    "encoding": "json",
    "json_content": {
      "parameterGroups": {
        "banking": {
          "description": "Sanitized fixture group banking",
          "parameters": {
            "card_freeze_enabled": {
              "defaultValue": {
                "value": "true"
              },
              "description": "Sanitized fixture parameter card_freeze_enabled",
              "valueType": "BOOLEAN"
            },
            "fixture_rollout_enabled": {
              "defaultValue": {
                "value": "true"
              },
              "description": "Synthetic parameter added by the E2E draft",
              "valueType": "BOOLEAN"
            }
          }
        }
      },
      "version": {
        "versionNumber": "12",
        "updateTime": "2024-01-02T03:04:05Z",
        "description": "Sanitized personal-profile fixture"
      }
    },
    "text_content": null,
    "base64_content": null,
    "destination": null,
    "size_bytes": 499,
    "sha256": "b72bd005a031e19104302155bb97eaf03cb9def12284a1b9ceaae617f70285a6",
    "overwritten": false
  },
  "errors": [],
  "warnings": []
}
