{
  "schema": "urn:fbrcm:schema:cli:1.0.0:command:hooks.trust:response",
  "contract_version": "1.0.0",
  "command": "hooks.trust",
  "requested_command": "hooks.trust",
  "outcome": "success",
  "exit_code": 0,
  "producer": {
    "name": "fbrcm",
    "version": "dev"
  },
  "context": {
    "profile": "default",
    "offline": true,
    "dry_run": false,
    "draft": false
  },
  "data": {
    "local_config": "<E2E_RUN_ROOT>/environment/work/.fbrcm.toml",
    "local_hooks": true,
    "trusted": true,
    "fingerprint": "<E2E_HOOK_FINGERPRINT>",
    "timeout": "15s",
    "pre_publish": [
      "./scripts/validate.sh"
    ],
    "post_publish": [
      "./scripts/notify.sh"
    ]
  },
  "errors": [],
  "warnings": []
}
