{
  "schema": "urn:fbrcm:schema:cli:1.0.0:command:auth.quota-project.show:response",
  "contract_version": "1.0.0",
  "command": "auth.quota-project.show",
  "requested_command": "auth.quota-project.show",
  "outcome": "success",
  "exit_code": 0,
  "producer": {
    "name": "fbrcm",
    "version": "dev"
  },
  "context": {
    "profile": "default",
    "offline": false,
    "dry_run": false,
    "draft": false
  },
  "data": {
    "auth_id": "e2e",
    "configured_quota_project_id": "auth-billing-project",
    "effective_quota_project_id": "northstar-wallet",
    "source": "environment",
    "changed": false,
    "status": "shown"
  },
  "errors": [],
  "warnings": []
}
