{
  "schema": "urn:fbrcm:schema:cli:1.0.0:command:root:response",
  "contract_version": "1.0.0",
  "command": "root",
  "requested_command": "root",
  "outcome": "success",
  "exit_code": 0,
  "producer": {
    "name": "fbrcm",
    "version": "dev"
  },
  "context": {
    "profile": "default",
    "offline": false,
    "dry_run": false,
    "draft": false
  },
  "data": {
    "text": "▄─┐▄\n█- █─▄ ▄─▄ ▄── ▄─▄─▄\n▀  ▀─▀ ▀   ▀── ▀ ▀ ▀\nfbrcm dev (commit none, built unknown)\nVictor Didenko \u003cyumaa.verdin@gmail.com\u003e (https://yumaa.name)"
  },
  "errors": [],
  "warnings": []
}
