{
  "schema": "urn:fbrcm:schema:cli:1.0.0:command:hooks.untrust:response",
  "contract_version": "1.0.0",
  "command": "hooks.untrust",
  "requested_command": "hooks.untrust",
  "outcome": "success",
  "exit_code": 0,
  "producer": {
    "name": "fbrcm",
    "version": "dev"
  },
  "context": {
    "profile": "default",
    "offline": true,
    "dry_run": false,
    "draft": false
  },
  "data": {
    "local_config": "<E2E_RUN_ROOT>/environment/work/.fbrcm.toml",
    "changed": true,
    "trusted": false
  },
  "errors": [],
  "warnings": []
}
