{
  "schema": "urn:fbrcm:schema:cli:1.0.0:command:projects.reset:response",
  "contract_version": "1.0.0",
  "command": "projects.reset",
  "requested_command": "projects.reset",
  "outcome": "success",
  "exit_code": 0,
  "producer": {
    "name": "fbrcm",
    "version": "dev"
  },
  "context": {
    "profile": "default",
    "offline": true,
    "dry_run": false,
    "draft": false
  },
  "data": {
    "path": "<E2E_RUN_ROOT>/environment/config/default/projects-config.json",
    "status": "reset",
    "changed": true
  },
  "errors": [],
  "warnings": []
}
