{
  "schema": "urn:fbrcm:schema:cli:1.0.0:command:add:response",
  "contract_version": "1.0.0",
  "command": "add",
  "requested_command": "add",
  "outcome": "success",
  "exit_code": 0,
  "producer": {
    "name": "fbrcm",
    "version": "dev"
  },
  "context": {
    "profile": null,
    "offline": false,
    "dry_run": false,
    "draft": false
  },
  "data": {
    "count": 1,
    "items": [
      {
        "target": "northstar-wallet",
        "status": "published",
        "changed_item_count": 1,
        "previous_version": "34",
        "published_version": "35",
        "draft": false,
        "dry_run": false,
        "validated": true,
        "validation_source": "firebase",
        "error": null,
        "retry_selector": null,
        "change_note": null,
        "selection": {
          "default_scope": false,
          "resolved_target_count": 1,
          "matched_item_count": 1
        },
        "no_op_reason": null
      }
    ]
  },
  "errors": [],
  "warnings": []
}
