{
  "schema": "urn:fbrcm:schema:cli:1.0.0:command:schema.show:response",
  "contract_version": "1.0.0",
  "command": "schema.show",
  "requested_command": "schema.show",
  "outcome": "success",
  "exit_code": 0,
  "producer": {
    "name": "fbrcm",
    "version": "dev"
  },
  "context": {
    "profile": "default",
    "offline": false,
    "dry_run": false,
    "draft": false
  },
  "data": {
    "$defs": {
      "success_data": {
        "additionalProperties": false,
        "properties": {
          "count": {
            "minimum": 0,
            "type": "integer"
          },
          "items": {
            "items": {
              "additionalProperties": false,
              "properties": {
                "cached_at": {
                  "format": "date-time",
                  "type": [
                    "string",
                    "null"
                  ]
                },
                "conditional": {
                  "type": "boolean"
                },
                "conditions": {
                  "items": {
                    "additionalProperties": false,
                    "properties": {
                      "name": {
                        "type": "string"
                      },
                      "value": {
                        "type": [
                          "string",
                          "null"
                        ]
                      }
                    },
                    "required": [
                      "name",
                      "value"
                    ],
                    "type": "object"
                  },
                  "type": [
                    "array",
                    "null"
                  ]
                },
                "default_value": {
                  "type": [
                    "string",
                    "null"
                  ]
                },
                "description": {
                  "type": "string"
                },
                "group": {
                  "type": "string"
                },
                "key": {
                  "type": "string"
                },
                "project": {
                  "type": "string"
                },
                "project_id": {
                  "type": "string"
                },
                "status": {
                  "enum": [
                    "fetch",
                    "cached",
                    "stale",
                    "missing",
                    "error",
                    null
                  ],
                  "type": [
                    "string",
                    "null"
                  ]
                },
                "type": {
                  "type": "string"
                },
                "version": {
                  "type": [
                    "string",
                    "null"
                  ]
                }
              },
              "required": [
                "cached_at",
                "conditional",
                "conditions",
                "default_value",
                "description",
                "group",
                "key",
                "project",
                "project_id",
                "status",
                "type",
                "version"
              ],
              "type": "object"
            },
            "type": "array"
          }
        },
        "required": [
          "count",
          "items"
        ],
        "type": "object",
        "x-fbrcm-invariants": [
          {
            "left": {
              "field": "count"
            },
            "op": "eq",
            "right": {
              "op": "length",
              "value": {
                "field": "items"
              }
            }
          },
          {
            "left": {
              "field": "count"
            },
            "op": "eq",
            "right": {
              "op": "length",
              "value": {
                "field": "items"
              }
            }
          }
        ]
      }
    },
    "$id": "urn:fbrcm:schema:cli:1.0.0:command:get:response",
    "$schema": "https://json-schema.org/draft/2020-12/schema",
    "allOf": [
      {
        "$ref": "urn:fbrcm:schema:cli:1.0.0:envelope"
      },
      {
        "allOf": [
          {
            "if": {
              "properties": {
                "outcome": {
                  "enum": [
                    "success",
                    "partial_success"
                  ]
                }
              },
              "required": [
                "outcome"
              ]
            },
            "then": {
              "properties": {
                "data": {
                  "$ref": "#/$defs/success_data"
                }
              }
            }
          },
          {
            "properties": {
              "outcome": {
                "enum": [
                  "success",
                  "failure"
                ]
              }
            }
          },
          {
            "properties": {
              "warnings": {
                "items": {
                  "properties": {
                    "code": {
                      "enum": [
                        "cache.stale"
                      ]
                    }
                  },
                  "required": [
                    "code"
                  ]
                },
                "type": "array"
              }
            }
          },
          {
            "properties": {
              "errors": {
                "items": {
                  "properties": {
                    "code": {
                      "enum": [
                        "argument.invalid",
                        "auth.configuration_invalid",
                        "auth.credentials_invalid",
                        "auth.not_found",
                        "auth.quota_project_required",
                        "auth.setup_required",
                        "command.canceled",
                        "command.timeout",
                        "configuration.invalid",
                        "expression.invalid",
                        "file.io_failed",
                        "filesystem.permission_denied",
                        "firebase.permission_denied",
                        "firebase.rate_limited",
                        "firebase.request_failed",
                        "firebase.service_unavailable",
                        "firebase.timeout",
                        "interaction.required",
                        "internal.contract_violation",
                        "internal.unclassified",
                        "network.offline",
                        "network.timeout",
                        "network.unavailable",
                        "parameter.ambiguous",
                        "parameter.not_found",
                        "profile.invalid",
                        "project.ambiguous",
                        "project.not_found",
                        "resource.not_found",
                        "stdin.remote_config.invalid"
                      ]
                    }
                  },
                  "required": [
                    "code"
                  ]
                },
                "type": "array"
              }
            }
          },
          {
            "if": {
              "properties": {
                "outcome": {
                  "const": "success"
                }
              },
              "required": [
                "outcome"
              ]
            },
            "then": {
              "properties": {
                "exit_code": {
                  "enum": [
                    0
                  ]
                }
              }
            }
          },
          {
            "if": {
              "properties": {
                "outcome": {
                  "const": "failure"
                }
              },
              "required": [
                "outcome"
              ]
            },
            "then": {
              "properties": {
                "exit_code": {
                  "not": {
                    "const": 1
                  }
                }
              }
            }
          }
        ],
        "properties": {
          "command": {
            "const": "get"
          },
          "data": {
            "oneOf": [
              {
                "$ref": "#/$defs/success_data"
              },
              {
                "type": "null"
              }
            ]
          },
          "schema": {
            "const": "urn:fbrcm:schema:cli:1.0.0:command:get:response"
          }
        },
        "required": [
          "schema",
          "command",
          "data"
        ],
        "type": "object"
      }
    ]
  },
  "errors": [],
  "warnings": []
}
