{
  "document_upload_max_mb": "12",
  "incident_status_url": "https://status.example.invalid/finance",
  "maintenance_banner": "{\"enabled\":false,\"title\":\"Scheduled maintenance\",\"startsAt\":\"2026-06-02T01:00:00Z\"}",
  "show_tax_center": "true",
  "statement_months_available": "24",
  "support_chat_enabled": "true",
  "support_queue_copy": "A specialist will join shortly",
  "account_nickname_max_length": "32",
  "ach_transfer_limit_daily": "3000",
  "card_freeze_enabled": "true",
  "instant_cashout_fee_bps": "85",
  "open_banking_enabled": "false",
  "pending_transaction_days": "5",
  "plaid_products": "[\"auth\",\"transactions\",\"identity\"]",
  "block_crypto_card_loads": "true",
  "device_binding_grace_hours": "24",
  "high_risk_transfer_limit": "200",
  "require_step_up_for_new_device": "true",
  "risk_banner_copy": "We need a quick security check",
  "step_up_methods": "[\"sms_otp\",\"email_otp\"]",
  "velocity_window_minutes": "15",
  "cashflow_forecast_days": "30",
  "enable_subscription_detection": "true",
  "insight_min_transaction_count": "8",
  "merchant_logo_cdn": "https://assets.example.invalid/merchants",
  "monthly_budget_enabled": "true",
  "savings_nudge_threshold": "125",
  "spending_categories": "[\"groceries\",\"restaurants\",\"transport\",\"subscriptions\",\"utilities\"]",
  "enable_passkey_signup": "false",
  "funding_minimum_amount": "10",
  "kyc_provider": "veriff",
  "kyc_retry_limit": "2",
  "onboarding_steps": "[\"email\",\"phone\",\"identity\",\"funding\",\"card\"]",
  "show_income_question": "true",
  "welcome_bonus_copy": "Get started with no monthly fees"
}