{
  "schema": "urn:fbrcm:schema:cli:1.0.0:command:auth.path:response",
  "contract_version": "1.0.0",
  "command": "auth.path",
  "requested_command": "auth.path",
  "outcome": "success",
  "exit_code": 0,
  "producer": {
    "name": "fbrcm",
    "version": "dev"
  },
  "context": {
    "profile": "default",
    "offline": true,
    "dry_run": false,
    "draft": false
  },
  "data": {
    "id": "google",
    "type": "google",
    "auth_config_path": "<E2E_RUN_ROOT>/environment/config/profiles/default/auth-config.json",
    "profile_config_path": "<E2E_RUN_ROOT>/environment/config/profiles/default",
    "token_path": "<E2E_RUN_ROOT>/environment/cache/profiles/default/auth/google/token.json"
  },
  "errors": [],
  "warnings": []
}
