{
  "schema": "urn:fbrcm:schema:cli:1.0.0:command:schema.list:response",
  "contract_version": "1.0.0",
  "command": "schema.list",
  "requested_command": "schema.list",
  "outcome": "success",
  "exit_code": 0,
  "producer": {
    "name": "fbrcm",
    "version": "dev"
  },
  "context": {
    "profile": "default",
    "offline": false,
    "dry_run": false,
    "draft": false
  },
  "data": {
    "count": 238,
    "items": [
      "urn:fbrcm:schema:cli:1.0.0:capability",
      "urn:fbrcm:schema:cli:1.0.0:command:add:input",
      "urn:fbrcm:schema:cli:1.0.0:command:add:response",
      "urn:fbrcm:schema:cli:1.0.0:command:apply:input",
      "urn:fbrcm:schema:cli:1.0.0:command:apply:response",
      "urn:fbrcm:schema:cli:1.0.0:command:auth.add.gcloud:input",
      "urn:fbrcm:schema:cli:1.0.0:command:auth.add.gcloud:response",
      "urn:fbrcm:schema:cli:1.0.0:command:auth.add.google:input",
      "urn:fbrcm:schema:cli:1.0.0:command:auth.add.google:response",
      "urn:fbrcm:schema:cli:1.0.0:command:auth.add.oauth:input",
      "urn:fbrcm:schema:cli:1.0.0:command:auth.add.oauth:response",
      "urn:fbrcm:schema:cli:1.0.0:command:auth.add.service-account:input",
      "urn:fbrcm:schema:cli:1.0.0:command:auth.add.service-account:response",
      "urn:fbrcm:schema:cli:1.0.0:command:auth.bind:input",
      "urn:fbrcm:schema:cli:1.0.0:command:auth.bind:response",
      "urn:fbrcm:schema:cli:1.0.0:command:auth.delete:input",
      "urn:fbrcm:schema:cli:1.0.0:command:auth.delete:response",
      "urn:fbrcm:schema:cli:1.0.0:command:auth.list:input",
      "urn:fbrcm:schema:cli:1.0.0:command:auth.list:response",
      "urn:fbrcm:schema:cli:1.0.0:command:auth.login:input",
      "urn:fbrcm:schema:cli:1.0.0:command:auth.login:response",
      "urn:fbrcm:schema:cli:1.0.0:command:auth.path:input",
      "urn:fbrcm:schema:cli:1.0.0:command:auth.path:response",
      "urn:fbrcm:schema:cli:1.0.0:command:auth.quota-project.set:input",
      "urn:fbrcm:schema:cli:1.0.0:command:auth.quota-project.set:response",
      "urn:fbrcm:schema:cli:1.0.0:command:auth.quota-project.show:input",
      "urn:fbrcm:schema:cli:1.0.0:command:auth.quota-project.show:response",
      "urn:fbrcm:schema:cli:1.0.0:command:auth.quota-project.unset:input",
      "urn:fbrcm:schema:cli:1.0.0:command:auth.quota-project.unset:response",
      "urn:fbrcm:schema:cli:1.0.0:command:cache.clear:input",
      "urn:fbrcm:schema:cli:1.0.0:command:cache.clear:response",
      "urn:fbrcm:schema:cli:1.0.0:command:cache.list:input",
      "urn:fbrcm:schema:cli:1.0.0:command:cache.list:response",
      "urn:fbrcm:schema:cli:1.0.0:command:cache.path:input",
      "urn:fbrcm:schema:cli:1.0.0:command:cache.path:response",
      "urn:fbrcm:schema:cli:1.0.0:command:capabilities:input",
      "urn:fbrcm:schema:cli:1.0.0:command:capabilities:response",
      "urn:fbrcm:schema:cli:1.0.0:command:completion.bash:input",
      "urn:fbrcm:schema:cli:1.0.0:command:completion.bash:response",
      "urn:fbrcm:schema:cli:1.0.0:command:completion.fish:input",
      "urn:fbrcm:schema:cli:1.0.0:command:completion.fish:response",
      "urn:fbrcm:schema:cli:1.0.0:command:completion.powershell:input",
      "urn:fbrcm:schema:cli:1.0.0:command:completion.powershell:response",
      "urn:fbrcm:schema:cli:1.0.0:command:completion.zsh:input",
      "urn:fbrcm:schema:cli:1.0.0:command:completion.zsh:response",
      "urn:fbrcm:schema:cli:1.0.0:command:conditions.add:input",
      "urn:fbrcm:schema:cli:1.0.0:command:conditions.add:response",
      "urn:fbrcm:schema:cli:1.0.0:command:conditions.delete:input",
      "urn:fbrcm:schema:cli:1.0.0:command:conditions.delete:response",
      "urn:fbrcm:schema:cli:1.0.0:command:conditions.edit:input",
      "urn:fbrcm:schema:cli:1.0.0:command:conditions.edit:response",
      "urn:fbrcm:schema:cli:1.0.0:command:conditions.list:input",
      "urn:fbrcm:schema:cli:1.0.0:command:conditions.list:response",
      "urn:fbrcm:schema:cli:1.0.0:command:conditions.move:input",
      "urn:fbrcm:schema:cli:1.0.0:command:conditions.move:response",
      "urn:fbrcm:schema:cli:1.0.0:command:conditions.rename:input",
      "urn:fbrcm:schema:cli:1.0.0:command:conditions.rename:response",
      "urn:fbrcm:schema:cli:1.0.0:command:conditions.show:input",
      "urn:fbrcm:schema:cli:1.0.0:command:conditions.show:response",
      "urn:fbrcm:schema:cli:1.0.0:command:conditions.validate:input",
      "urn:fbrcm:schema:cli:1.0.0:command:conditions.validate:response",
      "urn:fbrcm:schema:cli:1.0.0:command:config.edit:input",
      "urn:fbrcm:schema:cli:1.0.0:command:config.edit:response",
      "urn:fbrcm:schema:cli:1.0.0:command:config.path:input",
      "urn:fbrcm:schema:cli:1.0.0:command:config.path:response",
      "urn:fbrcm:schema:cli:1.0.0:command:config.reset:input",
      "urn:fbrcm:schema:cli:1.0.0:command:config.reset:response",
      "urn:fbrcm:schema:cli:1.0.0:command:config.set:input",
      "urn:fbrcm:schema:cli:1.0.0:command:config.set:response",
      "urn:fbrcm:schema:cli:1.0.0:command:config.show:input",
      "urn:fbrcm:schema:cli:1.0.0:command:config.show:response",
      "urn:fbrcm:schema:cli:1.0.0:command:config.validate:input",
      "urn:fbrcm:schema:cli:1.0.0:command:config.validate:response",
      "urn:fbrcm:schema:cli:1.0.0:command:delete:input",
      "urn:fbrcm:schema:cli:1.0.0:command:delete:response",
      "urn:fbrcm:schema:cli:1.0.0:command:doctor:input",
      "urn:fbrcm:schema:cli:1.0.0:command:doctor:response",
      "urn:fbrcm:schema:cli:1.0.0:command:draft.change-note:input",
      "urn:fbrcm:schema:cli:1.0.0:command:draft.change-note:response",
      "urn:fbrcm:schema:cli:1.0.0:command:draft.diff:input",
      "urn:fbrcm:schema:cli:1.0.0:command:draft.diff:response",
      "urn:fbrcm:schema:cli:1.0.0:command:draft.discard:input",
      "urn:fbrcm:schema:cli:1.0.0:command:draft.discard:response",
      "urn:fbrcm:schema:cli:1.0.0:command:draft.list:input",
      "urn:fbrcm:schema:cli:1.0.0:command:draft.list:response",
      "urn:fbrcm:schema:cli:1.0.0:command:draft.path:input",
      "urn:fbrcm:schema:cli:1.0.0:command:draft.path:response",
      "urn:fbrcm:schema:cli:1.0.0:command:draft.publish:input",
      "urn:fbrcm:schema:cli:1.0.0:command:draft.publish:response",
      "urn:fbrcm:schema:cli:1.0.0:command:draft.show:input",
      "urn:fbrcm:schema:cli:1.0.0:command:draft.show:response",
      "urn:fbrcm:schema:cli:1.0.0:command:duplicate:input",
      "urn:fbrcm:schema:cli:1.0.0:command:duplicate:response",
      "urn:fbrcm:schema:cli:1.0.0:command:experiments.delete:input",
      "urn:fbrcm:schema:cli:1.0.0:command:experiments.delete:response",
      "urn:fbrcm:schema:cli:1.0.0:command:experiments.list:input",
      "urn:fbrcm:schema:cli:1.0.0:command:experiments.list:response",
      "urn:fbrcm:schema:cli:1.0.0:command:experiments.show:input",
      "urn:fbrcm:schema:cli:1.0.0:command:experiments.show:response",
      "urn:fbrcm:schema:cli:1.0.0:command:get:input",
      "urn:fbrcm:schema:cli:1.0.0:command:get:response",
      "urn:fbrcm:schema:cli:1.0.0:command:groups.add:input",
      "urn:fbrcm:schema:cli:1.0.0:command:groups.add:response",
      "urn:fbrcm:schema:cli:1.0.0:command:groups.delete:input",
      "urn:fbrcm:schema:cli:1.0.0:command:groups.delete:response",
      "urn:fbrcm:schema:cli:1.0.0:command:groups.edit:input",
      "urn:fbrcm:schema:cli:1.0.0:command:groups.edit:response",
      "urn:fbrcm:schema:cli:1.0.0:command:groups.list:input",
      "urn:fbrcm:schema:cli:1.0.0:command:groups.list:response",
      "urn:fbrcm:schema:cli:1.0.0:command:groups.rename:input",
      "urn:fbrcm:schema:cli:1.0.0:command:groups.rename:response",
      "urn:fbrcm:schema:cli:1.0.0:command:help:input",
      "urn:fbrcm:schema:cli:1.0.0:command:help:response",
      "urn:fbrcm:schema:cli:1.0.0:command:hooks.fingerprint:input",
      "urn:fbrcm:schema:cli:1.0.0:command:hooks.fingerprint:response",
      "urn:fbrcm:schema:cli:1.0.0:command:hooks.status:input",
      "urn:fbrcm:schema:cli:1.0.0:command:hooks.status:response",
      "urn:fbrcm:schema:cli:1.0.0:command:hooks.trust:input",
      "urn:fbrcm:schema:cli:1.0.0:command:hooks.trust:response",
      "urn:fbrcm:schema:cli:1.0.0:command:hooks.untrust:input",
      "urn:fbrcm:schema:cli:1.0.0:command:hooks.untrust:response",
      "urn:fbrcm:schema:cli:1.0.0:command:mcp:input",
      "urn:fbrcm:schema:cli:1.0.0:command:mcp:response",
      "urn:fbrcm:schema:cli:1.0.0:command:personalizations.list:input",
      "urn:fbrcm:schema:cli:1.0.0:command:personalizations.list:response",
      "urn:fbrcm:schema:cli:1.0.0:command:personalizations.show:input",
      "urn:fbrcm:schema:cli:1.0.0:command:personalizations.show:response",
      "urn:fbrcm:schema:cli:1.0.0:command:plan.show:input",
      "urn:fbrcm:schema:cli:1.0.0:command:plan.show:response",
      "urn:fbrcm:schema:cli:1.0.0:command:plan.validate:input",
      "urn:fbrcm:schema:cli:1.0.0:command:plan.validate:response",
      "urn:fbrcm:schema:cli:1.0.0:command:profile.delete:input",
      "urn:fbrcm:schema:cli:1.0.0:command:profile.delete:response",
      "urn:fbrcm:schema:cli:1.0.0:command:profile.list:input",
      "urn:fbrcm:schema:cli:1.0.0:command:profile.list:response",
      "urn:fbrcm:schema:cli:1.0.0:command:profile.path:input",
      "urn:fbrcm:schema:cli:1.0.0:command:profile.path:response",
      "urn:fbrcm:schema:cli:1.0.0:command:profile.rename:input",
      "urn:fbrcm:schema:cli:1.0.0:command:profile.rename:response",
      "urn:fbrcm:schema:cli:1.0.0:command:profile.switch:input",
      "urn:fbrcm:schema:cli:1.0.0:command:profile.switch:response",
      "urn:fbrcm:schema:cli:1.0.0:command:profile:input",
      "urn:fbrcm:schema:cli:1.0.0:command:profile:response",
      "urn:fbrcm:schema:cli:1.0.0:command:project.defaults:input",
      "urn:fbrcm:schema:cli:1.0.0:command:project.defaults:response",
      "urn:fbrcm:schema:cli:1.0.0:command:project.export:input",
      "urn:fbrcm:schema:cli:1.0.0:command:project.export:response",
      "urn:fbrcm:schema:cli:1.0.0:command:project.import:input",
      "urn:fbrcm:schema:cli:1.0.0:command:project.import:response",
      "urn:fbrcm:schema:cli:1.0.0:command:project.open:input",
      "urn:fbrcm:schema:cli:1.0.0:command:project.open:response",
      "urn:fbrcm:schema:cli:1.0.0:command:project.quota-project.set:input",
      "urn:fbrcm:schema:cli:1.0.0:command:project.quota-project.set:response",
      "urn:fbrcm:schema:cli:1.0.0:command:project.quota-project.show:input",
      "urn:fbrcm:schema:cli:1.0.0:command:project.quota-project.show:response",
      "urn:fbrcm:schema:cli:1.0.0:command:project.quota-project.unset:input",
      "urn:fbrcm:schema:cli:1.0.0:command:project.quota-project.unset:response",
      "urn:fbrcm:schema:cli:1.0.0:command:project.show:input",
      "urn:fbrcm:schema:cli:1.0.0:command:project.show:response",
      "urn:fbrcm:schema:cli:1.0.0:command:project.templates.set:input",
      "urn:fbrcm:schema:cli:1.0.0:command:project.templates.set:response",
      "urn:fbrcm:schema:cli:1.0.0:command:project.templates.show:input",
      "urn:fbrcm:schema:cli:1.0.0:command:project.templates.show:response",
      "urn:fbrcm:schema:cli:1.0.0:command:projects.aliases.import:input",
      "urn:fbrcm:schema:cli:1.0.0:command:projects.aliases.import:response",
      "urn:fbrcm:schema:cli:1.0.0:command:projects.aliases.list:input",
      "urn:fbrcm:schema:cli:1.0.0:command:projects.aliases.list:response",
      "urn:fbrcm:schema:cli:1.0.0:command:projects.aliases.remove:input",
      "urn:fbrcm:schema:cli:1.0.0:command:projects.aliases.remove:response",
      "urn:fbrcm:schema:cli:1.0.0:command:projects.aliases.set:input",
      "urn:fbrcm:schema:cli:1.0.0:command:projects.aliases.set:response",
      "urn:fbrcm:schema:cli:1.0.0:command:projects.diff:input",
      "urn:fbrcm:schema:cli:1.0.0:command:projects.diff:response",
      "urn:fbrcm:schema:cli:1.0.0:command:projects.forget:input",
      "urn:fbrcm:schema:cli:1.0.0:command:projects.forget:response",
      "urn:fbrcm:schema:cli:1.0.0:command:projects.list:input",
      "urn:fbrcm:schema:cli:1.0.0:command:projects.list:response",
      "urn:fbrcm:schema:cli:1.0.0:command:projects.path:input",
      "urn:fbrcm:schema:cli:1.0.0:command:projects.path:response",
      "urn:fbrcm:schema:cli:1.0.0:command:projects.promote:input",
      "urn:fbrcm:schema:cli:1.0.0:command:projects.promote:response",
      "urn:fbrcm:schema:cli:1.0.0:command:projects.reset:input",
      "urn:fbrcm:schema:cli:1.0.0:command:projects.reset:response",
      "urn:fbrcm:schema:cli:1.0.0:command:projects.update:input",
      "urn:fbrcm:schema:cli:1.0.0:command:projects.update:response",
      "urn:fbrcm:schema:cli:1.0.0:command:rollouts.delete:input",
      "urn:fbrcm:schema:cli:1.0.0:command:rollouts.delete:response",
      "urn:fbrcm:schema:cli:1.0.0:command:rollouts.list:input",
      "urn:fbrcm:schema:cli:1.0.0:command:rollouts.list:response",
      "urn:fbrcm:schema:cli:1.0.0:command:rollouts.show:input",
      "urn:fbrcm:schema:cli:1.0.0:command:rollouts.show:response",
      "urn:fbrcm:schema:cli:1.0.0:command:root:input",
      "urn:fbrcm:schema:cli:1.0.0:command:root:response",
      "urn:fbrcm:schema:cli:1.0.0:command:schema.list:input",
      "urn:fbrcm:schema:cli:1.0.0:command:schema.list:response",
      "urn:fbrcm:schema:cli:1.0.0:command:schema.show:input",
      "urn:fbrcm:schema:cli:1.0.0:command:schema.show:response",
      "urn:fbrcm:schema:cli:1.0.0:command:theme.delete:input",
      "urn:fbrcm:schema:cli:1.0.0:command:theme.delete:response",
      "urn:fbrcm:schema:cli:1.0.0:command:theme.import:input",
      "urn:fbrcm:schema:cli:1.0.0:command:theme.import:response",
      "urn:fbrcm:schema:cli:1.0.0:command:theme.list:input",
      "urn:fbrcm:schema:cli:1.0.0:command:theme.list:response",
      "urn:fbrcm:schema:cli:1.0.0:command:theme.path:input",
      "urn:fbrcm:schema:cli:1.0.0:command:theme.path:response",
      "urn:fbrcm:schema:cli:1.0.0:command:theme.rename:input",
      "urn:fbrcm:schema:cli:1.0.0:command:theme.rename:response",
      "urn:fbrcm:schema:cli:1.0.0:command:theme.reset:input",
      "urn:fbrcm:schema:cli:1.0.0:command:theme.reset:response",
      "urn:fbrcm:schema:cli:1.0.0:command:theme.switch:input",
      "urn:fbrcm:schema:cli:1.0.0:command:theme.switch:response",
      "urn:fbrcm:schema:cli:1.0.0:command:theme:input",
      "urn:fbrcm:schema:cli:1.0.0:command:theme:response",
      "urn:fbrcm:schema:cli:1.0.0:command:update:input",
      "urn:fbrcm:schema:cli:1.0.0:command:update:response",
      "urn:fbrcm:schema:cli:1.0.0:command:versions.diff:input",
      "urn:fbrcm:schema:cli:1.0.0:command:versions.diff:response",
      "urn:fbrcm:schema:cli:1.0.0:command:versions.export:input",
      "urn:fbrcm:schema:cli:1.0.0:command:versions.export:response",
      "urn:fbrcm:schema:cli:1.0.0:command:versions.list:input",
      "urn:fbrcm:schema:cli:1.0.0:command:versions.list:response",
      "urn:fbrcm:schema:cli:1.0.0:command:versions.restore:input",
      "urn:fbrcm:schema:cli:1.0.0:command:versions.restore:response",
      "urn:fbrcm:schema:cli:1.0.0:command:versions.rollback:input",
      "urn:fbrcm:schema:cli:1.0.0:command:versions.rollback:response",
      "urn:fbrcm:schema:cli:1.0.0:command:versions.show:input",
      "urn:fbrcm:schema:cli:1.0.0:command:versions.show:response",
      "urn:fbrcm:schema:cli:1.0.0:envelope",
      "urn:fbrcm:schema:cli:1.0.0:error",
      "urn:fbrcm:schema:cli:1.0.0:publication_plan",
      "urn:fbrcm:schema:cli:1.0.0:semantic",
      "urn:fbrcm:schema:cli:1.0.0:stdin:credentials",
      "urn:fbrcm:schema:cli:1.0.0:stdin:oauth_credentials",
      "urn:fbrcm:schema:cli:1.0.0:stdin:publication_plan",
      "urn:fbrcm:schema:cli:1.0.0:stdin:remote_config",
      "urn:fbrcm:schema:cli:1.0.0:stdin:remote_config_import",
      "urn:fbrcm:schema:cli:1.0.0:stdin:service_account_credentials",
      "urn:fbrcm:schema:cli:1.0.0:stdin:theme"
    ]
  },
  "errors": [],
  "warnings": []
}
