{
  "schema": "urn:fbrcm:schema:cli:1.0.0:command:auth.add.oauth:response",
  "contract_version": "1.0.0",
  "command": "auth.add.oauth",
  "requested_command": "auth.add.oauth",
  "outcome": "success",
  "exit_code": 0,
  "producer": {
    "name": "fbrcm",
    "version": "dev"
  },
  "context": {
    "profile": "default",
    "offline": true,
    "dry_run": false,
    "draft": false
  },
  "data": {
    "auth_id": "oauth-secondary",
    "type": "oauth",
    "label": "Synthetic OAuth identity",
    "status": "added",
    "paths": {
      "id": "oauth-secondary",
      "type": "oauth",
      "auth_config_path": "<E2E_RUN_ROOT>/environment/config/default/auth-config.json",
      "profile_config_path": "<E2E_RUN_ROOT>/environment/config/default",
      "client_secret_path": "<E2E_RUN_ROOT>/environment/config/default/auth/oauth-secondary/client-secret.json",
      "token_path": "<E2E_RUN_ROOT>/environment/cache/default/auth/oauth-secondary/token.json"
    }
  },
  "errors": [],
  "warnings": []
}
