{
  "schema": "urn:fbrcm:schema:cli:1.0.0:command:versions.rollback:response",
  "contract_version": "1.0.0",
  "command": "versions.rollback",
  "requested_command": "versions.rollback",
  "outcome": "success",
  "exit_code": 0,
  "producer": {
    "name": "fbrcm",
    "version": "dev"
  },
  "context": {
    "profile": null,
    "offline": false,
    "dry_run": true,
    "draft": false
  },
  "data": {
    "project_id": "northstar-wallet",
    "operation": "rollback",
    "status": "would-publish",
    "previous_version": "40",
    "source_version": "11",
    "published_version": null,
    "dry_run": true,
    "changed": true,
    "validated": true,
    "validation_source": "firebase",
    "change_note": null,
    "error": null
  },
  "errors": [],
  "warnings": []
}
