{
  "schema": "urn:fbrcm:schema:cli:1.0.0:command:cache.list:response",
  "contract_version": "1.0.0",
  "command": "cache.list",
  "requested_command": "cache.list",
  "outcome": "success",
  "exit_code": 0,
  "producer": {
    "name": "fbrcm",
    "version": "dev"
  },
  "context": {
    "profile": "default",
    "offline": false,
    "dry_run": false,
    "draft": false
  },
  "data": {
    "count": 2,
    "items": [
      {
        "project_id": "northstar-wallet",
        "project": "Northstar Wallet",
        "version": "12",
        "size": 12612,
        "cached_at": "2024-01-02T03:04:05Z",
        "path": "<E2E_RUN_ROOT>/environment/cache/profiles/default/remote-config/northstar-wallet.12.json"
      },
      {
        "project_id": "server@northstar-wallet",
        "project": "Northstar Wallet",
        "version": "3",
        "size": 493,
        "cached_at": "2024-01-01T02:03:04Z",
        "path": "<E2E_RUN_ROOT>/environment/cache/profiles/default/remote-config/server@northstar-wallet.3.json"
      }
    ]
  },
  "errors": [],
  "warnings": []
}
